// Jest Snapshot v1, https://goo.gl/fbAQLP

exports[`changes the class when hovered 1`] = `
<button
  className="btn btn-undefined btn-undefined"
>
  click Me
</button>
`;

exports[`changes the class when hovered 2`] = `
<button
  className="btn btn-undefined btn-undefined"
>
  click Me
</button>
`;

exports[`changes the class when hovered 3`] = `
<button
  className="btn btn-undefined btn-undefined"
>
  click Me
</button>
`;
